// Jest Snapshot v1, https://goo.gl/fbAQLP

exports[`App should match with snapshot 1`] = `
<React.Fragment>
  <GlobalHeader
    transitionInPaths={
      Array [
        undefined,
        "/about",
        "/works",
        "/contact",
      ]
    }
  />
  <Router
    routeIndex={0}
    transitionStyle="fade"
  >
    <Route
      path="/about"
      render={[Function]}
    />
    <Route
      component={[Function]}
      exact={true}
      path="/"
    />
    <Route
      component={[Function]}
      path="/works"
    />
    <Route
      component={[Function]}
    />
  </Router>
</React.Fragment>
`;
